C51 COMPILER V9.56.0.0   BTN                                                               08/01/2024 21:52:22 PAGE 1   


C51 COMPILER V9.56.0.0, COMPILATION OF MODULE BTN
OBJECT MODULE PLACED IN .\Objects\BTN.obj
COMPILER INVOKED BY: E:\Keil_c51v956\C51\BIN\C51.EXE Device\BTN.c OPTIMIZE(8,SPEED) BROWSE INCDIR(.\Device;.\System) DEB
                    -UG OBJECTEXTEND PRINT(.\Listings\BTN.lst) OBJECT(.\Objects\BTN.obj)

line level    source

   1          #include "BTN.h"
   2          
   3          //#define KEY_NO 0
   4          //#define KEY_DOWN 1
   5          //#define KEY_UP 2
   6          
   7          //u8 BTN_Read_State(){
   8          //      static u8 key_state = 0;  //按键状态
   9          //      u8 key_io = P3 & 0X0f;   //P3 IO口的值
  10          //      u8 key_val = 0;   //返回键值
  11          //      switch(key_state){
  12          //              case KEY_NO:
  13          //                      if(key_io != 0x0f) key_state = KEY_DOWN;
  14          //                      break;
  15          //              case KEY_DOWN:
  16          //                      if(key_io != 0x0f){
  17          //                              if(key_io==0x0e) key_val = 7;
  18          //                              if(key_io==0x0d) key_val = 6;
  19          //                              if(key_io==0x0b) key_val = 5;
  20          //                              if(key_io==0x07) key_val = 4;
  21          //                              key_state = KEY_UP;
  22          //                      }else{
  23          //                              key_state = KEY_NO;
  24          //                      }
  25          //                      break;
  26          //              case KEY_UP:
  27          //                      if(key_io == 0x0f){
  28          //                      key_state = KEY_NO;
  29          //                      key_val = 0;
  30          //                      break;
  31          //                      }
  32          //      }
  33          //      return key_val;
  34          //}
  35          
  36          
  37          
  38          
  39          


MODULE INFORMATION:   STATIC OVERLAYABLE
   CODE SIZE        =   ----    ----
   CONSTANT SIZE    =   ----    ----
   XDATA SIZE       =   ----    ----
   PDATA SIZE       =   ----    ----
   DATA SIZE        =   ----    ----
   IDATA SIZE       =   ----    ----
   BIT SIZE         =   ----    ----
END OF MODULE INFORMATION.


C51 COMPILATION COMPLETE.  0 WARNING(S),  0 ERROR(S)
