C51 COMPILER V9.56.0.0   BTN                                                               07/28/2024 11:33:21 PAGE 1   


C51 COMPILER V9.56.0.0, COMPILATION OF MODULE BTN
OBJECT MODULE PLACED IN .\Objects\BTN.obj
COMPILER INVOKED BY: E:\Keil_c51v956\C51\BIN\C51.EXE Device\BTN.c OPTIMIZE(8,SPEED) BROWSE INCDIR(.\Device;.\System) DEB
                    -UG OBJECTEXTEND PRINT(.\Listings\BTN.lst) OBJECT(.\Objects\BTN.obj)

line level    source

   1          #include "BTN.h"
   2          
   3          #define KEY_NO 0
   4          #define KEY_DOWN 1
   5          #define KEY_UP 2
   6          
   7          //u8 BTN_Read_State(){
   8          //      static u8 key_state = 0;
   9          //      static u8 key_val = 0;
  10          //      P3 = P3&0x0f;
  11          //      switch(key_state){
  12          //              case KEY_NO:
  13          //              if(P3 != 0x0f) key_state = KEY_DOWN;
  14          //              break;
  15          //              
  16          //              case KEY_DOWN:
  17          //              if(P3 != 0x0f){
  18          //                      if(P3 == 0x0e) key_val = 7;
  19          //                      if(P3 == 0x0d) key_val = 6;
  20          //                      if(P3 == 0x0b) key_val = 5;
  21          //                      if(P3 == 0x07) key_val = 4;
  22          //                      key_state = KEY_UP;
  23          //                      }
  24          //              else key_state = KEY_NO;
  25          //              break;
  26          //      
  27          //              case KEY_UP:
  28          //              if(P3 == 0x0f) {
  29          //              key_state = KEY_NO;
  30          //              key_val = 0;
  31          //              }
  32          //              else key_val = 0;
  33          //              break;
  34          //      }
  35          //      return key_val;
  36          //}
  37          
  38          u8 BTN_Read_State(){
  39   1              static u8 key_state = 0;  //按键状态
  40   1              u8 key_io = P3 & 0X0f;   //P3 IO口的值
  41   1              u8 key_val = 0;   //返回键值
  42   1              switch(key_state){
  43   2                      case KEY_NO:
  44   2                              if(key_io != 0x0f) key_state = KEY_DOWN;
  45   2                              break;
  46   2                      case KEY_DOWN:
  47   2                              if(key_io != 0x0f){
  48   3                                      if(key_io==0x0e) key_val = 7;
  49   3                                      if(key_io==0x0d) key_val = 6;
  50   3                                      if(key_io==0x0b) key_val = 5;
  51   3                                      if(key_io==0x07) key_val = 4;
  52   3                                      key_state = KEY_UP;
  53   3                              }else{
  54   3                                      key_state = KEY_NO;
C51 COMPILER V9.56.0.0   BTN                                                               07/28/2024 11:33:21 PAGE 2   

  55   3                              }
  56   2                              break;
  57   2                      case KEY_UP:
  58   2                              if(key_io == 0x0f){
  59   3                              key_state = KEY_NO;
  60   3                              key_val = 0;
  61   3                              break;
  62   3                              }
  63   2                              
  64   2                              
  65   2              }
  66   1              return key_val;
  67   1      }


MODULE INFORMATION:   STATIC OVERLAYABLE
   CODE SIZE        =     74    ----
   CONSTANT SIZE    =   ----    ----
   XDATA SIZE       =   ----    ----
   PDATA SIZE       =   ----    ----
   DATA SIZE        =      1    ----
   IDATA SIZE       =   ----    ----
   BIT SIZE         =   ----    ----
END OF MODULE INFORMATION.


C51 COMPILATION COMPLETE.  0 WARNING(S),  0 ERROR(S)
