C51 COMPILER V9.56.0.0   BTN                                                               07/22/2024 10:52:24 PAGE 1   


C51 COMPILER V9.56.0.0, COMPILATION OF MODULE BTN
OBJECT MODULE PLACED IN .\Objects\BTN.obj
COMPILER INVOKED BY: E:\Keil_c51v956\C51\BIN\C51.EXE Device\BTN.c OPTIMIZE(8,SPEED) BROWSE MODP2 INCDIR(.\System;.\Devic
                    -e) DEBUG OBJECTEXTEND PRINT(.\Listings\BTN.lst) OBJECT(.\Objects\BTN.obj)

line level    source

   1          #include "BTN.h"
   2          #define KEY_NO 0
   3          #define KEY_UP 1
   4          #define KEY_DOWN 2
   5          
   6          u8 SYS = 0;
   7          
   8          u8 BTN_Read_State(){
   9   1              static u8 key_state = KEY_NO;
  10   1              u8 key_io = P3 & 0x0f;
  11   1              u8 key_val;             //static u8 key_val;
  12   1              switch(key_state){
  13   2                      case KEY_NO:
  14   2                      if(key_io) key_state = KEY_UP;
  15   2                      case KEY_DOWN:
  16   2                      if(key_io){
  17   3                              if(key_io == 0x0e){               //按键7切换状态      0为自动
  18   4      //                              if(SYS == 0) {
  19   4      //                                      SYS = 1;
  20   4      //                              }else   SYS = 0;                
  21   4      
  22   4      //                              SYS = !SYS;      //按位取反
  23   4                                      key_val = 7;
  24   4                              }  ;              
  25   3                              if(key_io == 0x0d) key_val = 6;
  26   3                              if(key_io == 0x0b) key_val = 5;
  27   3                              if(key_io == 0x07) key_val = 4;
  28   3                              key_state = KEY_UP;
  29   3                              
  30   3                      }else{
  31   3                              key_state = KEY_NO;
  32   3                      }
  33   2                      case KEY_UP:
  34   2                      if(key_io ==  0x0f){
  35   3                      key_state = KEY_NO;
  36   3                      key_val = 0;
  37   3                      }
  38   2              }
  39   1              return key_val;
  40   1      }


MODULE INFORMATION:   STATIC OVERLAYABLE
   CODE SIZE        =     62    ----
   CONSTANT SIZE    =   ----    ----
   XDATA SIZE       =   ----    ----
   PDATA SIZE       =   ----    ----
   DATA SIZE        =      2    ----
   IDATA SIZE       =   ----    ----
   BIT SIZE         =   ----    ----
END OF MODULE INFORMATION.


C51 COMPILATION COMPLETE.  0 WARNING(S),  0 ERROR(S)
