C51 COMPILER V9.56.0.0   KBD                                                               08/05/2024 10:33:05 PAGE 1   


C51 COMPILER V9.56.0.0, COMPILATION OF MODULE KBD
OBJECT MODULE PLACED IN .\Objects\KBD.obj
COMPILER INVOKED BY: E:\Keil_c51v956\C51\BIN\C51.EXE Device\KBD.c OPTIMIZE(8,SPEED) BROWSE INCDIR(.\Device;.\System) DEB
                    -UG OBJECTEXTEND PRINT(.\Listings\KBD.lst) OBJECT(.\Objects\KBD.obj)

line level    source

   1          #include "KBD.h"
   2          
   3          u8 KBD_KeyIO(){
   4   1              u8 key_io = 0xff;
   5   1              P4=0xff;P3=0xf0;
   6   1              if(P44==0) key_io=0x70;
   7   1              if(P42==0) key_io=0xb0;
   8   1              if(P35==0) key_io=0xd0;
   9   1              if(P34==0) key_io=0xe0;
  10   1              
  11   1              P4=0x00;P3=0x0f;
  12   1              if(P33==0) key_io=key_io|0x07;
  13   1              if(P32==0) key_io=key_io|0x0b;
  14   1              if(P31==0) key_io=key_io|0x0d;
  15   1              if(P30==0) key_io=key_io|0x0e;
  16   1              
  17   1              return key_io;
  18   1      }
  19          
  20          
  21          //unsigned char Trg_KBD;
  22          //unsigned char Cont_KBD;
  23          //void KBD_ThreeLine(){
  24          //      unsigned char ReadData = KBD_KeyIO() ^ 0xff;
  25          //      Trg_KBD = ReadData & (ReadData ^ Cont_KBD);
  26          //      Cont_KBD = ReadData;
  27          //}
  28          
  29          unsigned char Trg_KBD;
  30          unsigned char Cont_KBD;
  31          void KBD_ThreeLine(){
  32   1              unsigned char ReadData = KBD_KeyIO() ^ 0xff;
  33   1              Trg_KBD = ReadData & (ReadData ^ Cont_KBD);
  34   1              Cont_KBD = ReadData;
  35   1      
  36   1      }


MODULE INFORMATION:   STATIC OVERLAYABLE
   CODE SIZE        =     73    ----
   CONSTANT SIZE    =   ----    ----
   XDATA SIZE       =   ----    ----
   PDATA SIZE       =   ----    ----
   DATA SIZE        =      2    ----
   IDATA SIZE       =   ----    ----
   BIT SIZE         =   ----    ----
END OF MODULE INFORMATION.


C51 COMPILATION COMPLETE.  0 WARNING(S),  0 ERROR(S)
